<?xml version="1.0" encoding="UTF-8"?>
<project version="4">
  <component languageLevel="JDK_1_6" assert-keyword="true" project-jdk-name="1.6" name="ProjectRootManager" project-jdk-type="JavaSDK" jdk-15="true" version="2">
    <output url="file://$PROJECT_DIR$/target/idea_output"></output>
  </component>
</project>

