<module version="4" type="JAVA_MODULE">
  <component name="FacetManager">
    <facet name="Scala" type="scala">
      <configuration>
        <option value="foo.bar" name="basePackage"></option>
        <option name="compilerLibraryLevel" value="Project"></option>
        <option name="compilerLibraryName" value="SBT: scala:2.10.3"></option>
        <option name="languageLevel" value="Scala 2.10" />
        <option name="fsc" value="true" />
        <option name="uncheckedWarnings" value="true" />
        <option name="deprecationWarnings" value="true" />
        <option name="continuations" value="true" />
        <option name="pluginPaths">
          <array>
            <option value="~/.ivy2/cache/org.scala-lang.plugins/continuations/jars/continuations-2.10.3.jar"></option>
          </array>
        </option>
        <option name="compilerOptions" value="-language:implicitConversions"/>
      </configuration>
    </facet>
  </component>
  <component name="NewModuleRootManager" inherit-compiler-output="false">
    <output url="file://$MODULE_DIR$/../target/scala-2.10/classes"></output>
    <output-test url="file://$MODULE_DIR$/../target/scala-2.10/test-classes"></output-test>
    <exclude-output></exclude-output>
    <content url="file://$MODULE_DIR$/../">
      <sourceFolder url="file://$MODULE_DIR$/../src/main/scala" isTestSource="false"></sourceFolder>
      <sourceFolder url="file://$MODULE_DIR$/../src/main/java" isTestSource="false"></sourceFolder>
      <sourceFolder url="file://$MODULE_DIR$/../target/scala-2.10/src_managed/main" isTestSource="false"></sourceFolder>
      <sourceFolder url="file://$MODULE_DIR$/../src/main/resources" isTestSource="false"></sourceFolder>
      <sourceFolder url="file://$MODULE_DIR$/../src/test/scala" isTestSource="true"></sourceFolder>
      <sourceFolder url="file://$MODULE_DIR$/../src/test/java" isTestSource="true"></sourceFolder>
      <sourceFolder url="file://$MODULE_DIR$/../src/test/resources" isTestSource="true"></sourceFolder>
      <excludeFolder url="file://$MODULE_DIR$/../target/resolution-cache"/>
      <excludeFolder url="file://$MODULE_DIR$/../target/streams"/>
    </content>
    <orderEntry type="inheritedJdk"></orderEntry>
    <orderEntry type="sourceFolder" forTests="false"></orderEntry>
    <orderEntry level="project" name="SBT: org.scala-lang:scala-library:2.10.3" type="library"></orderEntry>
    <orderEntry level="project" name="SBT: junit:junit:4.8.2" type="library"></orderEntry>
    <orderEntry scope="PROVIDED" level="project" name="SBT: javax.servlet:servlet-api:2.5:provided" type="library"></orderEntry>
    <orderEntry scope="RUNTIME" level="project" name="SBT: mysql:mysql-connector-java:5.1.25:runtime" type="library"></orderEntry>
    <orderEntry scope="TEST" level="project" name="SBT: org.eclipse.jetty:jetty-server:7.0.0.v20091005:test" type="library"></orderEntry>
    <orderEntry scope="TEST" level="project" name="SBT: org.eclipse.jetty:jetty-continuation:7.0.0.v20091005:test" type="library"></orderEntry>
    <orderEntry scope="TEST" level="project" name="SBT: org.eclipse.jetty:jetty-http:7.0.0.v20091005:test" type="library"></orderEntry>
    <orderEntry scope="TEST" level="project" name="SBT: org.eclipse.jetty:jetty-io:7.0.0.v20091005:test" type="library"></orderEntry>
    <orderEntry scope="TEST" level="project" name="SBT: org.eclipse.jetty:jetty-util:7.0.0.v20091005:test" type="library"></orderEntry>
  </component>
</module>
